#-----------------------------------------------------------
# Vivado v2016.3 (64-bit)
# SW Build 1682563 on Mon Oct 10 19:07:27 MDT 2016
# IP Build 1681267 on Mon Oct 10 21:28:31 MDT 2016
# Start of session at: Mon Nov 24 09:20:57 2025
# Process ID: 5536
# Current directory: C:/Users/Vikram/Downloads/simd_division_zynq/simd_division_zynq/simd_division_zynq.runs/simd_division_my_simd_divider_0_0_synth_1
# Command line: vivado.exe -log simd_division_my_simd_divider_0_0.vds -product Vivado -mode batch -messageDb vivado.pb -notrace -source simd_division_my_simd_divider_0_0.tcl
# Log file: C:/Users/Vikram/Downloads/simd_division_zynq/simd_division_zynq/simd_division_zynq.runs/simd_division_my_simd_divider_0_0_synth_1/simd_division_my_simd_divider_0_0.vds
# Journal file: C:/Users/Vikram/Downloads/simd_division_zynq/simd_division_zynq/simd_division_zynq.runs/simd_division_my_simd_divider_0_0_synth_1\vivado.jou
#-----------------------------------------------------------
source simd_division_my_simd_divider_0_0.tcl -notrace
